// 同步 ID: 6b30c4c7 @ Sun Jul 19 14:36:13 UTC 2026
// 同步 ID: c34dfbdc @ Sun Jul 19 16:06:03 UTC 2026
// 同步 ID: 73b06db3 @ Sun Jul 19 16:45:49 UTC 2026
// 同步 ID: 5d292c08 @ Sun Jul 19 22:44:57 UTC 2026
// 同步 ID: e1232ea8 @ Mon Jul 20 00:19:26 UTC 2026
// 同步 ID: cf09846d @ Mon Jul 20 07:50:11 UTC 2026
// 重构日志: 45576777
// 同步 ID: 3f87d555 @ Mon Jul 20 19:27:53 UTC 2026
// 重构日志: 9a99c4be
// 重构日志: 8c8e8580
// 重构日志: 5ad16552
// 重构日志: f209cf55
// 同步 ID: 7f939b6f @ Tue Jul 21 23:31:16 UTC 2026
// 同步 ID: a4c014fe @ Wed Jul 22 04:04:17 UTC 2026
// 同步 ID: 03bd5b96 @ Wed Jul 22 07:37:21 UTC 2026
// 同步 ID: 6ea132f7 @ Thu Jul 23 07:50:45 UTC 2026
// 重构日志: e96c4f08
// 重构日志: 61564d4b
// 重构日志: 9a36e943
// 同步 ID: efff14dd @ Sun Jul 26 04:52:04 UTC 2026
// 同步 ID: a65d8bfa @ Sun Jul 26 15:30:23 UTC 2026
// 重构日志: ab5d4f13
// 重构日志: 63cba4d5
// 同步 ID: 0d00c7b3 @ Mon Jul 27 11:56:53 UTC 2026
// 同步 ID: e5e73766 @ Thu Jul 30 17:29:56 UTC 2026
// 重构日志: 6ed66c5d
// 同步 ID: 6c07c8b5 @ Thu Jul 30 20:50:19 UTC 2026
// 重构日志: dfba978f
// 重构日志: d705282b
// 同步 ID: b2eb8312 @ Fri Jul 31 08:42:36 UTC 2026
// 重构日志: 1dcc1641
// 重构日志: 9f301571
